  CustomOGLContext.cpp
  CustomWindow.cpp
  K_Renderer.cpp
  K_Window.cpp
G:\Cliff's Libraries\Cliff's Windows GUI Lib\K_Window.cpp(24,61): warning C4302: 'type cast': truncation from 'LPCTSTR' to 'WORD'
G:\Cliff's Libraries\Cliff's Windows GUI Lib\K_Window.cpp(28,43): warning C4302: 'type cast': truncation from 'LPCTSTR' to 'WORD'
G:\Cliff's Libraries\Cliff's Windows GUI Lib\K_Window.cpp(125,2): error C2065: 'windowProcedure': undeclared identifier
G:\Cliff's Libraries\Cliff's Windows GUI Lib\K_Window.cpp(131,32): error C2065: 'windowProcedure': undeclared identifier
  RendererWindow.cpp
G:\Cliff's Libraries\Cliff's Windows GUI Lib\RendererWindow.h(9,10): error C3668: 'RendererWindow::userGLproc': method with override specifier 'override' did not override any base class methods
G:\Cliff's Libraries\Cliff's Windows GUI Lib\RendererWindow.cpp(17,5): error C2059: syntax error: ')'
G:\Cliff's Libraries\Cliff's Windows GUI Lib\RendererWindow.cpp(19,1): error C2181: illegal else without matching if
  Test.cpp
G:\Cliff's Libraries\Cliff's Windows GUI Lib\Test.cpp(27,18): error C2259: 'CustomWindow': cannot instantiate abstract class
G:\Cliff's Libraries\Cliff's Windows GUI Lib\CustomWindow.h(8,7): message : see declaration of 'CustomWindow'
G:\Cliff's Libraries\Cliff's Windows GUI Lib\Test.cpp(27,18): message : due to following members:
G:\Cliff's Libraries\Cliff's Windows GUI Lib\Test.cpp(27,18): message : 'void K_Window::innerFunction(void)': is abstract
G:\Cliff's Libraries\Cliff's Windows GUI Lib\K_Window.h(46,15): message : see declaration of 'K_Window::innerFunction'
G:\Cliff's Libraries\Cliff's Windows GUI Lib\Test.cpp(27,18): message : 'void CustomWindow::userFunc(void)': is abstract
G:\Cliff's Libraries\Cliff's Windows GUI Lib\CustomWindow.h(20,15): message : see declaration of 'CustomWindow::userFunc'
G:\Cliff's Libraries\Cliff's Windows GUI Lib\Test.cpp(27,24): error C2259: 'CustomWindow': cannot instantiate abstract class
G:\Cliff's Libraries\Cliff's Windows GUI Lib\CustomWindow.h(8,7): message : see declaration of 'CustomWindow'
G:\Cliff's Libraries\Cliff's Windows GUI Lib\Test.cpp(27,24): message : due to following members:
G:\Cliff's Libraries\Cliff's Windows GUI Lib\Test.cpp(27,24): message : 'void K_Window::innerFunction(void)': is abstract
G:\Cliff's Libraries\Cliff's Windows GUI Lib\K_Window.h(46,15): message : see declaration of 'K_Window::innerFunction'
G:\Cliff's Libraries\Cliff's Windows GUI Lib\Test.cpp(27,24): message : 'void CustomWindow::userFunc(void)': is abstract
G:\Cliff's Libraries\Cliff's Windows GUI Lib\CustomWindow.h(20,15): message : see declaration of 'CustomWindow::userFunc'
G:\Cliff's Libraries\Cliff's Windows GUI Lib\Test.cpp(27,24): error C2440: 'initializing': cannot convert from 'initializer list' to 'CustomWindow'
G:\Cliff's Libraries\Cliff's Windows GUI Lib\Test.cpp(27,24): message : No constructor could take the source type, or constructor overload resolution was ambiguous
G:\Cliff's Libraries\Cliff's Windows GUI Lib\Test.cpp(28,11): error C2660: 'K_Window::setWinProc': function does not take 0 arguments
G:\Cliff's Libraries\Cliff's Windows GUI Lib\K_Window.h(40,7): message : see declaration of 'K_Window::setWinProc'
G:\Cliff's Libraries\Cliff's Windows GUI Lib\Test.cpp(28,11): message : while trying to match the argument list '()'
G:\Cliff's Libraries\Cliff's Windows GUI Lib\Test.cpp(34,22): error C2259: 'K_OpenGLRenderer': cannot instantiate abstract class
G:\Cliff's Libraries\Cliff's Windows GUI Lib\OpenGL\K_OpenGLRenderer.h(9,7): message : see declaration of 'K_OpenGLRenderer'
G:\Cliff's Libraries\Cliff's Windows GUI Lib\Test.cpp(34,22): message : due to following members:
G:\Cliff's Libraries\Cliff's Windows GUI Lib\Test.cpp(34,22): message : 'void K_Renderer::renderW(void)': is abstract
G:\Cliff's Libraries\Cliff's Windows GUI Lib\K_Renderer.h(26,15): message : see declaration of 'K_Renderer::renderW'
G:\Cliff's Libraries\Cliff's Windows GUI Lib\Test.cpp(34,34): error C2259: 'K_OpenGLRenderer': cannot instantiate abstract class
G:\Cliff's Libraries\Cliff's Windows GUI Lib\OpenGL\K_OpenGLRenderer.h(9,7): message : see declaration of 'K_OpenGLRenderer'
G:\Cliff's Libraries\Cliff's Windows GUI Lib\Test.cpp(34,34): message : due to following members:
G:\Cliff's Libraries\Cliff's Windows GUI Lib\Test.cpp(34,34): message : 'void K_Renderer::renderW(void)': is abstract
G:\Cliff's Libraries\Cliff's Windows GUI Lib\K_Renderer.h(26,15): message : see declaration of 'K_Renderer::renderW'
G:\Cliff's Libraries\Cliff's Windows GUI Lib\Test.cpp(34,44): error C2259: 'K_OpenGLRenderer': cannot instantiate abstract class
G:\Cliff's Libraries\Cliff's Windows GUI Lib\OpenGL\K_OpenGLRenderer.h(9,7): message : see declaration of 'K_OpenGLRenderer'
G:\Cliff's Libraries\Cliff's Windows GUI Lib\Test.cpp(34,44): message : due to following members:
G:\Cliff's Libraries\Cliff's Windows GUI Lib\Test.cpp(34,44): message : 'void K_Renderer::renderW(void)': is abstract
G:\Cliff's Libraries\Cliff's Windows GUI Lib\K_Renderer.h(26,15): message : see declaration of 'K_Renderer::renderW'
  UserWindowClass.cpp
G:\Cliff's Libraries\Cliff's Windows GUI Lib\UserWindowClass.cpp(8,21): warning C4101: 'hdc': unreferenced local variable
G:\Cliff's Libraries\Cliff's Windows GUI Lib\UserWindowClass.cpp(9,21): warning C4101: 'ps': unreferenced local variable
G:\Cliff's Libraries\Cliff's Windows GUI Lib\UserWindowClass.cpp(10,21): warning C4101: 'rect': unreferenced local variable
  Generating Code...
